
===========================================================================
 report_power
============================================================================
======================= max_ss_125C_4v50 Corner ===================================

Group                    Internal    Switching      Leakage        Total
                            Power        Power        Power        Power (Watts)
------------------------------------------------------------------------
Sequential           1.543609e-04 5.405345e-06 1.030898e-08 1.597765e-04  26.6%
Combinational        1.201682e-05 1.986909e-05 2.813280e-08 3.191405e-05   5.3%
Clock                3.306505e-04 7.754388e-05 1.780442e-07 4.083724e-04  68.1%
Macro                0.000000e+00 0.000000e+00 0.000000e+00 0.000000e+00   0.0%
Pad                  0.000000e+00 0.000000e+00 0.000000e+00 0.000000e+00   0.0%
------------------------------------------------------------------------
Total                4.970282e-04 1.028183e-04 2.164859e-07 6.000630e-04 100.0%
                            82.8%        17.1%         0.0%

