Clock: clk_i
Sources: clk_i 
Generated: no
Virtual: yes
Propagated: no
Period: 25.000000

===========================================================================
report_clock_properties
============================================================================
Clock                   Period          Waveform
----------------------------------------------------
clk_i                25.000000    0.000000 12.500000

===========================================================================
report_clock_latency
============================================================================
Clock clk_i
rise -> rise
    min     max
0.000000 0.000000 source latency
0.981146         network latency _75_/CLK
        0.984132 network latency _70_/CLK
---------------
0.981146 0.984132 latency
        0.002986 skew

fall -> fall
    min     max
0.000000 0.000000 source latency
0.902279         network latency _75_/CLK
        0.905448 network latency _70_/CLK
---------------
0.902279 0.905448 latency
        0.003169 skew



===========================================================================
report_clock_min_period
============================================================================
clk_i period_min = 7.22 fmax = 138.44
