
===========================================================================
 report_power
============================================================================
======================= min_ff_n40C_5v50 Corner ===================================

Group                    Internal    Switching      Leakage        Total
                            Power        Power        Power        Power (Watts)
------------------------------------------------------------------------
Sequential           2.254237e-04 6.727759e-06 4.389217e-09 2.321558e-04  25.1%
Combinational        1.928985e-05 2.868157e-05 5.971023e-09 4.797739e-05   5.2%
Clock                5.339037e-04 1.103600e-04 1.393217e-08 6.442775e-04  69.7%
Macro                0.000000e+00 0.000000e+00 0.000000e+00 0.000000e+00   0.0%
Pad                  0.000000e+00 0.000000e+00 0.000000e+00 0.000000e+00   0.0%
------------------------------------------------------------------------
Total                7.786172e-04 1.457693e-04 2.429241e-08 9.244107e-04 100.0%
                            84.2%        15.8%         0.0%

