
===========================================================================
 report_power
============================================================================
======================= nom_ff_n40C_5v50 Corner ===================================

Group                    Internal    Switching      Leakage        Total
                            Power        Power        Power        Power (Watts)
------------------------------------------------------------------------
Sequential           2.254479e-04 6.869326e-06 4.389217e-09 2.323216e-04  25.1%
Combinational        1.939583e-05 2.905116e-05 5.971023e-09 4.845296e-05   5.2%
Clock                5.336262e-04 1.119612e-04 1.393217e-08 6.456013e-04  69.7%
Macro                0.000000e+00 0.000000e+00 0.000000e+00 0.000000e+00   0.0%
Pad                  0.000000e+00 0.000000e+00 0.000000e+00 0.000000e+00   0.0%
------------------------------------------------------------------------
Total                7.784699e-04 1.478817e-04 2.429241e-08 9.263759e-04 100.0%
                            84.0%        16.0%         0.0%

