Clock: clk_i
Sources: clk_i 
Generated: no
Virtual: yes
Propagated: no
Period: 25.000000

===========================================================================
report_clock_properties
============================================================================
Clock                   Period          Waveform
----------------------------------------------------
clk_i                25.000000    0.000000 12.500000

===========================================================================
report_clock_latency
============================================================================
Clock clk_i
rise -> rise
    min     max
0.000000 0.000000 source latency
0.547886         network latency _73_/CLK
        0.548887 network latency _69_/CLK
---------------
0.547886 0.548887 latency
        0.001000 skew

fall -> fall
    min     max
0.000000 0.000000 source latency
0.503682         network latency _73_/CLK
        0.504722 network latency _69_/CLK
---------------
0.503682 0.504722 latency
        0.001040 skew



===========================================================================
report_clock_min_period
============================================================================
clk_i period_min = 3.80 fmax = 263.45
