
===========================================================================
report_checks -unconstrained
===========================================================================
======================= nom_tt_025C_5v00 Corner ===================================

Startpoint: en_i (input port clocked by clk_i)
Endpoint: _75_ (rising edge-triggered flip-flop clocked by clk_i)
Path Group: clk_i
Path Type: max

Fanout         Cap        Slew       Delay        Time   Description
---------------------------------------------------------------------------------------------
                                  0.000000    0.000000   clock clk_i (rise edge)
                                  0.000000    0.000000   clock network delay (propagated)
                                  5.000000    5.000000 ^ input external delay
     6    0.028125    0.515115    0.266525    5.266525 ^ en_i (in)
                                                         en_i (net)
                      0.515115    0.000000    5.266525 ^ _49_/A1 (gf180mcu_fd_sc_mcu7t5v0__nand4_1)
     8    0.038341    1.209858    0.705397    5.971922 v _49_/ZN (gf180mcu_fd_sc_mcu7t5v0__nand4_1)
                                                         _22_ (net)
                      1.209858    0.000090    5.972012 v _64_/A3 (gf180mcu_fd_sc_mcu7t5v0__or4_1)
     2    0.008428    0.333916    1.093371    7.065383 v _64_/Z (gf180mcu_fd_sc_mcu7t5v0__or4_1)
                                                         _32_ (net)
                      0.333916    0.000012    7.065395 v _65_/A3 (gf180mcu_fd_sc_mcu7t5v0__and3_1)
     1    0.002662    0.125357    0.382316    7.447711 v _65_/Z (gf180mcu_fd_sc_mcu7t5v0__and3_1)
                                                         _07_ (net)
                      0.125357    0.000003    7.447714 v _75_/D (gf180mcu_fd_sc_mcu7t5v0__dffq_1)
                                              7.447714   data arrival time

                                 25.000000   25.000000   clock clk_i (rise edge)
                                  0.000000   25.000000   clock source latency
     9    0.037737    0.186777    0.092788   25.092787 ^ clk_i (in)
                                                         clk_i (net)
                      0.186777    0.000000   25.092787 ^ _75_/CLK (gf180mcu_fd_sc_mcu7t5v0__dffq_1)
                                 -0.250000   24.842789   clock uncertainty
                                  0.000000   24.842789   clock reconvergence pessimism
                                 -0.216504   24.626284   library setup time
                                             24.626284   data required time
---------------------------------------------------------------------------------------------
                                             24.626284   data required time
                                             -7.447714   data arrival time
---------------------------------------------------------------------------------------------
                                             17.178570   slack (MET)




===========================================================================
report_checks --slack_max -0.01
============================================================================
======================= nom_tt_025C_5v00 Corner ===================================

No paths found.


===========================================================================
 report_check_types -max_slew -max_cap -max_fanout -violators
============================================================================
======================= nom_tt_025C_5v00 Corner ===================================



===========================================================================
report_parasitic_annotation -report_unannotated
============================================================================
Found 0 unannotated drivers.
Found 0 partially unannotated drivers.

===========================================================================
max slew violation count 0
Writing metric design__max_slew_violation__count__corner:nom_tt_025C_5v00: 0
max fanout violation count 0
Writing metric design__max_fanout_violation__count__corner:nom_tt_025C_5v00: 0
max cap violation count 0
Writing metric design__max_cap_violation__count__corner:nom_tt_025C_5v00: 0
============================================================================

===========================================================================
check_setup -verbose -unconstrained_endpoints -multiple_clock -no_clock -no_input_delay -loops -generated_clocks
===========================================================================
