
===========================================================================
 report_power
============================================================================
======================= nom_ff_n40C_5v50 Corner ===================================

Group                    Internal    Switching      Leakage        Total
                            Power        Power        Power        Power (Watts)
------------------------------------------------------------------------
Sequential           2.254918e-04 6.883658e-06 4.389217e-09 2.323798e-04  25.0%
Combinational        1.938863e-05 2.911591e-05 5.971023e-09 4.851052e-05   5.2%
Clock                5.329607e-04 1.150149e-04 1.393217e-08 6.479895e-04  69.8%
Macro                0.000000e+00 0.000000e+00 0.000000e+00 0.000000e+00   0.0%
Pad                  0.000000e+00 0.000000e+00 0.000000e+00 0.000000e+00   0.0%
------------------------------------------------------------------------
Total                7.778410e-04 1.510145e-04 2.429241e-08 9.288798e-04 100.0%
                            83.7%        16.3%         0.0%

