
===========================================================================
 report_power
============================================================================
======================= nom_tt_025C_5v00 Corner ===================================

Group                    Internal    Switching      Leakage        Total
                            Power        Power        Power        Power (Watts)
------------------------------------------------------------------------
Sequential           1.853680e-04 5.693955e-06 3.561724e-09 1.910655e-04  25.8%
Combinational        1.509035e-05 2.404329e-05 4.953199e-09 3.913860e-05   5.3%
Clock                4.183576e-04 9.249993e-05 1.153266e-08 5.108691e-04  68.9%
Macro                0.000000e+00 0.000000e+00 0.000000e+00 0.000000e+00   0.0%
Pad                  0.000000e+00 0.000000e+00 0.000000e+00 0.000000e+00   0.0%
------------------------------------------------------------------------
Total                6.188159e-04 1.222372e-04 2.004758e-08 7.410732e-04 100.0%
                            83.5%        16.5%         0.0%

