Clock: clk_i
Sources: clk_i 
Generated: no
Virtual: yes
Propagated: no
Period: 25.000000

===========================================================================
report_clock_properties
============================================================================
Clock                   Period          Waveform
----------------------------------------------------
clk_i                25.000000    0.000000 12.500000

===========================================================================
report_clock_latency
============================================================================
Clock clk_i
rise -> rise
    min     max
0.000000 0.000000 source latency
0.092140         network latency _69_/CLK
        0.092340 network latency _74_/CLK
---------------
0.092140 0.092340 latency
        0.000200 skew

fall -> fall
    min     max
0.000000 0.000000 source latency
0.056425         network latency _69_/CLK
        0.056626 network latency _74_/CLK
---------------
0.056425 0.056626 latency
        0.000201 skew



===========================================================================
report_clock_min_period
============================================================================
clk_i period_min = 4.26 fmax = 234.84
