
===========================================================================
report_checks -path_delay min (Hold)
============================================================================
======================= nom_tt_025C_5v00 Corner ===================================

Startpoint: _70_ (rising edge-triggered flip-flop clocked by clk_i)
Endpoint: _70_ (rising edge-triggered flip-flop clocked by clk_i)
Path Group: clk_i
Path Type: min

Fanout         Cap        Slew       Delay        Time   Description
---------------------------------------------------------------------------------------------
                                  0.000000    0.000000   clock clk_i (rise edge)
                                  0.000000    0.000000   clock source latency
     9    0.037484    0.185585    0.092154    0.092154 ^ clk_i (in)
                                                         clk_i (net)
                      0.185585    0.000000    0.092154 ^ _70_/CLK (gf180mcu_fd_sc_mcu7t5v0__dffq_1)
     4    0.086275    0.854747    1.164703    1.256857 v _70_/Q (gf180mcu_fd_sc_mcu7t5v0__dffq_1)
                                                         count_o[2] (net)
                      0.854747    0.000136    1.256993 v _39_/I (gf180mcu_fd_sc_mcu7t5v0__clkinv_1)
     1    0.005053    0.276706    0.240628    1.497621 ^ _39_/ZN (gf180mcu_fd_sc_mcu7t5v0__clkinv_1)
                                                         _14_ (net)
                      0.276706    0.000004    1.497624 ^ _51_/A1 (gf180mcu_fd_sc_mcu7t5v0__aoi21_1)
     1    0.002663    0.133495    0.107086    1.604710 v _51_/ZN (gf180mcu_fd_sc_mcu7t5v0__aoi21_1)
                                                         _02_ (net)
                      0.133495    0.000003    1.604713 v _70_/D (gf180mcu_fd_sc_mcu7t5v0__dffq_1)
                                              1.604713   data arrival time

                                  0.000000    0.000000   clock clk_i (rise edge)
                                  0.000000    0.000000   clock source latency
     9    0.037484    0.185585    0.092154    0.092154 ^ clk_i (in)
                                                         clk_i (net)
                      0.185585    0.000000    0.092154 ^ _70_/CLK (gf180mcu_fd_sc_mcu7t5v0__dffq_1)
                                  0.250000    0.342154   clock uncertainty
                                  0.000000    0.342154   clock reconvergence pessimism
                                  0.094166    0.436319   library hold time
                                              0.436319   data required time
---------------------------------------------------------------------------------------------
                                              0.436319   data required time
                                             -1.604713   data arrival time
---------------------------------------------------------------------------------------------
                                              1.168394   slack (MET)


Startpoint: _76_ (rising edge-triggered flip-flop clocked by clk_i)
Endpoint: _76_ (rising edge-triggered flip-flop clocked by clk_i)
Path Group: clk_i
Path Type: min

Fanout         Cap        Slew       Delay        Time   Description
---------------------------------------------------------------------------------------------
                                  0.000000    0.000000   clock clk_i (rise edge)
                                  0.000000    0.000000   clock source latency
     9    0.037484    0.185585    0.092278    0.092278 ^ clk_i (in)
                                                         clk_i (net)
                      0.185585    0.000000    0.092278 ^ _76_/CLK (gf180mcu_fd_sc_mcu7t5v0__dffq_1)
     2    0.079584    0.791209    1.125640    1.217918 v _76_/Q (gf180mcu_fd_sc_mcu7t5v0__dffq_1)
                                                         ovf_o (net)
                      0.791209    0.000023    1.217941 v _66_/A1 (gf180mcu_fd_sc_mcu7t5v0__nand2_1)
     1    0.005029    0.210633    0.281200    1.499141 ^ _66_/ZN (gf180mcu_fd_sc_mcu7t5v0__nand2_1)
                                                         _33_ (net)
                      0.210633    0.000005    1.499146 ^ _67_/B (gf180mcu_fd_sc_mcu7t5v0__oai21_1)
     1    0.002691    0.123568    0.115892    1.615038 v _67_/ZN (gf180mcu_fd_sc_mcu7t5v0__oai21_1)
                                                         _08_ (net)
                      0.123568    0.000003    1.615042 v _76_/D (gf180mcu_fd_sc_mcu7t5v0__dffq_1)
                                              1.615042   data arrival time

                                  0.000000    0.000000   clock clk_i (rise edge)
                                  0.000000    0.000000   clock source latency
     9    0.037484    0.185585    0.092278    0.092278 ^ clk_i (in)
                                                         clk_i (net)
                      0.185585    0.000000    0.092278 ^ _76_/CLK (gf180mcu_fd_sc_mcu7t5v0__dffq_1)
                                  0.250000    0.342278   clock uncertainty
                                  0.000000    0.342278   clock reconvergence pessimism
                                  0.096394    0.438671   library hold time
                                              0.438671   data required time
---------------------------------------------------------------------------------------------
                                              0.438671   data required time
                                             -1.615042   data arrival time
---------------------------------------------------------------------------------------------
                                              1.176370   slack (MET)


Startpoint: _74_ (rising edge-triggered flip-flop clocked by clk_i)
Endpoint: _74_ (rising edge-triggered flip-flop clocked by clk_i)
Path Group: clk_i
Path Type: min

Fanout         Cap        Slew       Delay        Time   Description
---------------------------------------------------------------------------------------------
                                  0.000000    0.000000   clock clk_i (rise edge)
                                  0.000000    0.000000   clock source latency
     9    0.037484    0.185585    0.092340    0.092340 ^ clk_i (in)
                                                         clk_i (net)
                      0.185585    0.000000    0.092340 ^ _74_/CLK (gf180mcu_fd_sc_mcu7t5v0__dffq_1)
     3    0.083446    0.827904    1.148319    1.240659 v _74_/Q (gf180mcu_fd_sc_mcu7t5v0__dffq_1)
                                                         count_o[6] (net)
                      0.827904    0.000034    1.240693 v _35_/I (gf180mcu_fd_sc_mcu7t5v0__clkinv_1)
     1    0.004864    0.268718    0.233873    1.474567 ^ _35_/ZN (gf180mcu_fd_sc_mcu7t5v0__clkinv_1)
                                                         _10_ (net)
                      0.268718    0.000004    1.474570 ^ _62_/A1 (gf180mcu_fd_sc_mcu7t5v0__aoi211_1)
     1    0.002592    0.159401    0.133093    1.607663 v _62_/ZN (gf180mcu_fd_sc_mcu7t5v0__aoi211_1)
                                                         _06_ (net)
                      0.159401    0.000002    1.607666 v _74_/D (gf180mcu_fd_sc_mcu7t5v0__dffq_1)
                                              1.607666   data arrival time

                                  0.000000    0.000000   clock clk_i (rise edge)
                                  0.000000    0.000000   clock source latency
     9    0.037484    0.185585    0.092340    0.092340 ^ clk_i (in)
                                                         clk_i (net)
                      0.185585    0.000000    0.092340 ^ _74_/CLK (gf180mcu_fd_sc_mcu7t5v0__dffq_1)
                                  0.250000    0.342340   clock uncertainty
                                  0.000000    0.342340   clock reconvergence pessimism
                                  0.087368    0.429708   library hold time
                                              0.429708   data required time
---------------------------------------------------------------------------------------------
                                              0.429708   data required time
                                             -1.607666   data arrival time
---------------------------------------------------------------------------------------------
                                              1.177958   slack (MET)


Startpoint: _69_ (rising edge-triggered flip-flop clocked by clk_i)
Endpoint: _69_ (rising edge-triggered flip-flop clocked by clk_i)
Path Group: clk_i
Path Type: min

Fanout         Cap        Slew       Delay        Time   Description
---------------------------------------------------------------------------------------------
                                  0.000000    0.000000   clock clk_i (rise edge)
                                  0.000000    0.000000   clock source latency
     9    0.037484    0.185585    0.092140    0.092140 ^ clk_i (in)
                                                         clk_i (net)
                      0.185585    0.000000    0.092140 ^ _69_/CLK (gf180mcu_fd_sc_mcu7t5v0__dffq_1)
     5    0.090629    0.896115    1.190199    1.282339 v _69_/Q (gf180mcu_fd_sc_mcu7t5v0__dffq_1)
                                                         count_o[1] (net)
                      0.896115    0.000055    1.282393 v _44_/B (gf180mcu_fd_sc_mcu7t5v0__aoi21_1)
     1    0.004701    0.285109    0.328275    1.610669 ^ _44_/ZN (gf180mcu_fd_sc_mcu7t5v0__aoi21_1)
                                                         _18_ (net)
                      0.285109    0.000005    1.610673 ^ _47_/A1 (gf180mcu_fd_sc_mcu7t5v0__nor2_1)
     1    0.002581    0.126024    0.101309    1.711983 v _47_/ZN (gf180mcu_fd_sc_mcu7t5v0__nor2_1)
                                                         _01_ (net)
                      0.126024    0.000002    1.711985 v _69_/D (gf180mcu_fd_sc_mcu7t5v0__dffq_1)
                                              1.711985   data arrival time

                                  0.000000    0.000000   clock clk_i (rise edge)
                                  0.000000    0.000000   clock source latency
     9    0.037484    0.185585    0.092140    0.092140 ^ clk_i (in)
                                                         clk_i (net)
                      0.185585    0.000000    0.092140 ^ _69_/CLK (gf180mcu_fd_sc_mcu7t5v0__dffq_1)
                                  0.250000    0.342140   clock uncertainty
                                  0.000000    0.342140   clock reconvergence pessimism
                                  0.095842    0.437982   library hold time
                                              0.437982   data required time
---------------------------------------------------------------------------------------------
                                              0.437982   data required time
                                             -1.711985   data arrival time
---------------------------------------------------------------------------------------------
                                              1.274003   slack (MET)


Startpoint: _68_ (rising edge-triggered flip-flop clocked by clk_i)
Endpoint: _68_ (rising edge-triggered flip-flop clocked by clk_i)
Path Group: clk_i
Path Type: min

Fanout         Cap        Slew       Delay        Time   Description
---------------------------------------------------------------------------------------------
                                  0.000000    0.000000   clock clk_i (rise edge)
                                  0.000000    0.000000   clock source latency
     9    0.037484    0.185585    0.092222    0.092222 ^ clk_i (in)
                                                         clk_i (net)
                      0.185585    0.000000    0.092222 ^ _68_/CLK (gf180mcu_fd_sc_mcu7t5v0__dffq_1)
     7    0.103158    1.697110    1.655486    1.747707 ^ _68_/Q (gf180mcu_fd_sc_mcu7t5v0__dffq_1)
                                                         count_o[0] (net)
                      1.697110    0.000123    1.747830 ^ _43_/A2 (gf180mcu_fd_sc_mcu7t5v0__aoi22_1)
     1    0.002534    0.175468    0.004377    1.752208 v _43_/ZN (gf180mcu_fd_sc_mcu7t5v0__aoi22_1)
                                                         _00_ (net)
                      0.175468    0.000002    1.752209 v _68_/D (gf180mcu_fd_sc_mcu7t5v0__dffq_1)
                                              1.752209   data arrival time

                                  0.000000    0.000000   clock clk_i (rise edge)
                                  0.000000    0.000000   clock source latency
     9    0.037484    0.185585    0.092222    0.092222 ^ clk_i (in)
                                                         clk_i (net)
                      0.185585    0.000000    0.092222 ^ _68_/CLK (gf180mcu_fd_sc_mcu7t5v0__dffq_1)
                                  0.250000    0.342222   clock uncertainty
                                  0.000000    0.342222   clock reconvergence pessimism
                                  0.082742    0.424964   library hold time
                                              0.424964   data required time
---------------------------------------------------------------------------------------------
                                              0.424964   data required time
                                             -1.752209   data arrival time
---------------------------------------------------------------------------------------------
                                              1.327245   slack (MET)


Startpoint: _72_ (rising edge-triggered flip-flop clocked by clk_i)
Endpoint: _72_ (rising edge-triggered flip-flop clocked by clk_i)
Path Group: clk_i
Path Type: min

Fanout         Cap        Slew       Delay        Time   Description
---------------------------------------------------------------------------------------------
                                  0.000000    0.000000   clock clk_i (rise edge)
                                  0.000000    0.000000   clock source latency
     9    0.037484    0.185585    0.092229    0.092229 ^ clk_i (in)
                                                         clk_i (net)
                      0.185585    0.000000    0.092229 ^ _72_/CLK (gf180mcu_fd_sc_mcu7t5v0__dffq_1)
     5    0.093029    0.919424    1.204109    1.296337 v _72_/Q (gf180mcu_fd_sc_mcu7t5v0__dffq_1)
                                                         count_o[4] (net)
                      0.919424    0.000136    1.296473 v _54_/B (gf180mcu_fd_sc_mcu7t5v0__aoi21_1)
     1    0.004081    0.315533    0.320629    1.617102 ^ _54_/ZN (gf180mcu_fd_sc_mcu7t5v0__aoi21_1)
                                                         _25_ (net)
                      0.315533    0.000002    1.617104 ^ _56_/A2 (gf180mcu_fd_sc_mcu7t5v0__nor3_1)
     1    0.002690    0.158489    0.162587    1.779691 v _56_/ZN (gf180mcu_fd_sc_mcu7t5v0__nor3_1)
                                                         _04_ (net)
                      0.158489    0.000004    1.779695 v _72_/D (gf180mcu_fd_sc_mcu7t5v0__dffq_1)
                                              1.779695   data arrival time

                                  0.000000    0.000000   clock clk_i (rise edge)
                                  0.000000    0.000000   clock source latency
     9    0.037484    0.185585    0.092229    0.092229 ^ clk_i (in)
                                                         clk_i (net)
                      0.185585    0.000000    0.092229 ^ _72_/CLK (gf180mcu_fd_sc_mcu7t5v0__dffq_1)
                                  0.250000    0.342229   clock uncertainty
                                  0.000000    0.342229   clock reconvergence pessimism
                                  0.087631    0.429859   library hold time
                                              0.429859   data required time
---------------------------------------------------------------------------------------------
                                              0.429859   data required time
                                             -1.779695   data arrival time
---------------------------------------------------------------------------------------------
                                              1.349835   slack (MET)


Startpoint: _75_ (rising edge-triggered flip-flop clocked by clk_i)
Endpoint: _75_ (rising edge-triggered flip-flop clocked by clk_i)
Path Group: clk_i
Path Type: min

Fanout         Cap        Slew       Delay        Time   Description
---------------------------------------------------------------------------------------------
                                  0.000000    0.000000   clock clk_i (rise edge)
                                  0.000000    0.000000   clock source latency
     9    0.037484    0.185585    0.092287    0.092287 ^ clk_i (in)
                                                         clk_i (net)
                      0.185585    0.000000    0.092287 ^ _75_/CLK (gf180mcu_fd_sc_mcu7t5v0__dffq_1)
     2    0.078959    0.785278    1.121983    1.214270 v _75_/Q (gf180mcu_fd_sc_mcu7t5v0__dffq_1)
                                                         count_o[7] (net)
                      0.785278    0.000030    1.214300 v _34_/I (gf180mcu_fd_sc_mcu7t5v0__clkinv_1)
     2    0.008195    0.317918    0.282086    1.496387 ^ _34_/ZN (gf180mcu_fd_sc_mcu7t5v0__clkinv_1)
                                                         _09_ (net)
                      0.317918    0.000024    1.496411 ^ _63_/B (gf180mcu_fd_sc_mcu7t5v0__oai31_1)
     1    0.003011    0.165446    0.135813    1.632224 v _63_/ZN (gf180mcu_fd_sc_mcu7t5v0__oai31_1)
                                                         _31_ (net)
                      0.165446    0.000003    1.632227 v _65_/A2 (gf180mcu_fd_sc_mcu7t5v0__and3_1)
     1    0.002654    0.115846    0.312145    1.944372 v _65_/Z (gf180mcu_fd_sc_mcu7t5v0__and3_1)
                                                         _07_ (net)
                      0.115846    0.000003    1.944375 v _75_/D (gf180mcu_fd_sc_mcu7t5v0__dffq_1)
                                              1.944375   data arrival time

                                  0.000000    0.000000   clock clk_i (rise edge)
                                  0.000000    0.000000   clock source latency
     9    0.037484    0.185585    0.092287    0.092287 ^ clk_i (in)
                                                         clk_i (net)
                      0.185585    0.000000    0.092287 ^ _75_/CLK (gf180mcu_fd_sc_mcu7t5v0__dffq_1)
                                  0.250000    0.342287   clock uncertainty
                                  0.000000    0.342287   clock reconvergence pessimism
                                  0.098127    0.440414   library hold time
                                              0.440414   data required time
---------------------------------------------------------------------------------------------
                                              0.440414   data required time
                                             -1.944375   data arrival time
---------------------------------------------------------------------------------------------
                                              1.503961   slack (MET)


Startpoint: _73_ (rising edge-triggered flip-flop clocked by clk_i)
Endpoint: _73_ (rising edge-triggered flip-flop clocked by clk_i)
Path Group: clk_i
Path Type: min

Fanout         Cap        Slew       Delay        Time   Description
---------------------------------------------------------------------------------------------
                                  0.000000    0.000000   clock clk_i (rise edge)
                                  0.000000    0.000000   clock source latency
     9    0.037484    0.185585    0.092340    0.092340 ^ clk_i (in)
                                                         clk_i (net)
                      0.185585    0.000000    0.092340 ^ _73_/CLK (gf180mcu_fd_sc_mcu7t5v0__dffq_1)
     4    0.087744    0.868734    1.173520    1.265860 v _73_/Q (gf180mcu_fd_sc_mcu7t5v0__dffq_1)
                                                         count_o[5] (net)
                      0.868734    0.000057    1.265917 v _36_/I (gf180mcu_fd_sc_mcu7t5v0__clkinv_1)
     1    0.004824    0.275078    0.238614    1.504531 ^ _36_/ZN (gf180mcu_fd_sc_mcu7t5v0__clkinv_1)
                                                         _11_ (net)
                      0.275078    0.000003    1.504535 ^ _57_/B (gf180mcu_fd_sc_mcu7t5v0__oai31_1)
     1    0.002891    0.157091    0.131003    1.635538 v _57_/ZN (gf180mcu_fd_sc_mcu7t5v0__oai31_1)
                                                         _27_ (net)
                      0.157091    0.000002    1.635540 v _59_/A2 (gf180mcu_fd_sc_mcu7t5v0__and3_1)
     1    0.002692    0.116228    0.309963    1.945503 v _59_/Z (gf180mcu_fd_sc_mcu7t5v0__and3_1)
                                                         _05_ (net)
                      0.116228    0.000004    1.945506 v _73_/D (gf180mcu_fd_sc_mcu7t5v0__dffq_1)
                                              1.945506   data arrival time

                                  0.000000    0.000000   clock clk_i (rise edge)
                                  0.000000    0.000000   clock source latency
     9    0.037484    0.185585    0.092340    0.092340 ^ clk_i (in)
                                                         clk_i (net)
                      0.185585    0.000000    0.092340 ^ _73_/CLK (gf180mcu_fd_sc_mcu7t5v0__dffq_1)
                                  0.250000    0.342340   clock uncertainty
                                  0.000000    0.342340   clock reconvergence pessimism
                                  0.098041    0.440381   library hold time
                                              0.440381   data required time
---------------------------------------------------------------------------------------------
                                              0.440381   data required time
                                             -1.945506   data arrival time
---------------------------------------------------------------------------------------------
                                              1.505125   slack (MET)


Startpoint: _71_ (rising edge-triggered flip-flop clocked by clk_i)
Endpoint: _71_ (rising edge-triggered flip-flop clocked by clk_i)
Path Group: clk_i
Path Type: min

Fanout         Cap        Slew       Delay        Time   Description
---------------------------------------------------------------------------------------------
                                  0.000000    0.000000   clock clk_i (rise edge)
                                  0.000000    0.000000   clock source latency
     9    0.037484    0.185585    0.092218    0.092218 ^ clk_i (in)
                                                         clk_i (net)
                      0.185585    0.000000    0.092218 ^ _71_/CLK (gf180mcu_fd_sc_mcu7t5v0__dffq_1)
     4    0.089334    0.883789    1.182488    1.274706 v _71_/Q (gf180mcu_fd_sc_mcu7t5v0__dffq_1)
                                                         count_o[3] (net)
                      0.883789    0.000018    1.274725 v _38_/I (gf180mcu_fd_sc_mcu7t5v0__clkinv_1)
     7    0.032572    0.669350    0.580024    1.854749 ^ _38_/ZN (gf180mcu_fd_sc_mcu7t5v0__clkinv_1)
                                                         _13_ (net)
                      0.669350    0.000033    1.854782 ^ _53_/A1 (gf180mcu_fd_sc_mcu7t5v0__aoi21_1)
     1    0.002615    0.176345    0.107952    1.962734 v _53_/ZN (gf180mcu_fd_sc_mcu7t5v0__aoi21_1)
                                                         _03_ (net)
                      0.176345    0.000002    1.962736 v _71_/D (gf180mcu_fd_sc_mcu7t5v0__dffq_1)
                                              1.962736   data arrival time

                                  0.000000    0.000000   clock clk_i (rise edge)
                                  0.000000    0.000000   clock source latency
     9    0.037484    0.185585    0.092218    0.092218 ^ clk_i (in)
                                                         clk_i (net)
                      0.185585    0.000000    0.092218 ^ _71_/CLK (gf180mcu_fd_sc_mcu7t5v0__dffq_1)
                                  0.250000    0.342218   clock uncertainty
                                  0.000000    0.342218   clock reconvergence pessimism
                                  0.082490    0.424708   library hold time
                                              0.424708   data required time
---------------------------------------------------------------------------------------------
                                              0.424708   data required time
                                             -1.962736   data arrival time
---------------------------------------------------------------------------------------------
                                              1.538029   slack (MET)


Startpoint: _75_ (rising edge-triggered flip-flop clocked by clk_i)
Endpoint: count_o[7] (output port clocked by clk_i)
Path Group: clk_i
Path Type: min

Fanout         Cap        Slew       Delay        Time   Description
---------------------------------------------------------------------------------------------
                                  0.000000    0.000000   clock clk_i (rise edge)
                                  0.000000    0.000000   clock source latency
     9    0.037484    0.185585    0.092287    0.092287 ^ clk_i (in)
                                                         clk_i (net)
                      0.185585    0.000000    0.092287 ^ _75_/CLK (gf180mcu_fd_sc_mcu7t5v0__dffq_1)
     2    0.078959    0.785278    1.121983    1.214270 v _75_/Q (gf180mcu_fd_sc_mcu7t5v0__dffq_1)
                                                         count_o[7] (net)
                      0.785278    0.000444    1.214713 v count_o[7] (out)
                                              1.214713   data arrival time

                                  0.000000    0.000000   clock clk_i (rise edge)
                                  0.000000    0.000000   clock network delay (propagated)
                                  0.250000    0.250000   clock uncertainty
                                  0.000000    0.250000   clock reconvergence pessimism
                                 -5.000000   -4.750000   output external delay
                                             -4.750000   data required time
---------------------------------------------------------------------------------------------
                                             -4.750000   data required time
                                             -1.214713   data arrival time
---------------------------------------------------------------------------------------------
                                              5.964714   slack (MET)


Startpoint: _76_ (rising edge-triggered flip-flop clocked by clk_i)
Endpoint: ovf_o (output port clocked by clk_i)
Path Group: clk_i
Path Type: min

Fanout         Cap        Slew       Delay        Time   Description
---------------------------------------------------------------------------------------------
                                  0.000000    0.000000   clock clk_i (rise edge)
                                  0.000000    0.000000   clock source latency
     9    0.037484    0.185585    0.092278    0.092278 ^ clk_i (in)
                                                         clk_i (net)
                      0.185585    0.000000    0.092278 ^ _76_/CLK (gf180mcu_fd_sc_mcu7t5v0__dffq_1)
     2    0.079584    0.791209    1.125640    1.217918 v _76_/Q (gf180mcu_fd_sc_mcu7t5v0__dffq_1)
                                                         ovf_o (net)
                      0.791209    0.000450    1.218368 v ovf_o (out)
                                              1.218368   data arrival time

                                  0.000000    0.000000   clock clk_i (rise edge)
                                  0.000000    0.000000   clock network delay (propagated)
                                  0.250000    0.250000   clock uncertainty
                                  0.000000    0.250000   clock reconvergence pessimism
                                 -5.000000   -4.750000   output external delay
                                             -4.750000   data required time
---------------------------------------------------------------------------------------------
                                             -4.750000   data required time
                                             -1.218368   data arrival time
---------------------------------------------------------------------------------------------
                                              5.968368   slack (MET)


Startpoint: _74_ (rising edge-triggered flip-flop clocked by clk_i)
Endpoint: count_o[6] (output port clocked by clk_i)
Path Group: clk_i
Path Type: min

Fanout         Cap        Slew       Delay        Time   Description
---------------------------------------------------------------------------------------------
                                  0.000000    0.000000   clock clk_i (rise edge)
                                  0.000000    0.000000   clock source latency
     9    0.037484    0.185585    0.092340    0.092340 ^ clk_i (in)
                                                         clk_i (net)
                      0.185585    0.000000    0.092340 ^ _74_/CLK (gf180mcu_fd_sc_mcu7t5v0__dffq_1)
     3    0.083446    0.827904    1.148319    1.240659 v _74_/Q (gf180mcu_fd_sc_mcu7t5v0__dffq_1)
                                                         count_o[6] (net)
                      0.827904    0.000419    1.241078 v count_o[6] (out)
                                              1.241078   data arrival time

                                  0.000000    0.000000   clock clk_i (rise edge)
                                  0.000000    0.000000   clock network delay (propagated)
                                  0.250000    0.250000   clock uncertainty
                                  0.000000    0.250000   clock reconvergence pessimism
                                 -5.000000   -4.750000   output external delay
                                             -4.750000   data required time
---------------------------------------------------------------------------------------------
                                             -4.750000   data required time
                                             -1.241078   data arrival time
---------------------------------------------------------------------------------------------
                                              5.991078   slack (MET)


Startpoint: _70_ (rising edge-triggered flip-flop clocked by clk_i)
Endpoint: count_o[2] (output port clocked by clk_i)
Path Group: clk_i
Path Type: min

Fanout         Cap        Slew       Delay        Time   Description
---------------------------------------------------------------------------------------------
                                  0.000000    0.000000   clock clk_i (rise edge)
                                  0.000000    0.000000   clock source latency
     9    0.037484    0.185585    0.092154    0.092154 ^ clk_i (in)
                                                         clk_i (net)
                      0.185585    0.000000    0.092154 ^ _70_/CLK (gf180mcu_fd_sc_mcu7t5v0__dffq_1)
     4    0.086275    0.854747    1.164703    1.256857 v _70_/Q (gf180mcu_fd_sc_mcu7t5v0__dffq_1)
                                                         count_o[2] (net)
                      0.854747    0.000687    1.257544 v count_o[2] (out)
                                              1.257544   data arrival time

                                  0.000000    0.000000   clock clk_i (rise edge)
                                  0.000000    0.000000   clock network delay (propagated)
                                  0.250000    0.250000   clock uncertainty
                                  0.000000    0.250000   clock reconvergence pessimism
                                 -5.000000   -4.750000   output external delay
                                             -4.750000   data required time
---------------------------------------------------------------------------------------------
                                             -4.750000   data required time
                                             -1.257544   data arrival time
---------------------------------------------------------------------------------------------
                                              6.007545   slack (MET)


Startpoint: _73_ (rising edge-triggered flip-flop clocked by clk_i)
Endpoint: count_o[5] (output port clocked by clk_i)
Path Group: clk_i
Path Type: min

Fanout         Cap        Slew       Delay        Time   Description
---------------------------------------------------------------------------------------------
                                  0.000000    0.000000   clock clk_i (rise edge)
                                  0.000000    0.000000   clock source latency
     9    0.037484    0.185585    0.092340    0.092340 ^ clk_i (in)
                                                         clk_i (net)
                      0.185585    0.000000    0.092340 ^ _73_/CLK (gf180mcu_fd_sc_mcu7t5v0__dffq_1)
     4    0.087744    0.868734    1.173520    1.265860 v _73_/Q (gf180mcu_fd_sc_mcu7t5v0__dffq_1)
                                                         count_o[5] (net)
                      0.868734    0.000422    1.266282 v count_o[5] (out)
                                              1.266282   data arrival time

                                  0.000000    0.000000   clock clk_i (rise edge)
                                  0.000000    0.000000   clock network delay (propagated)
                                  0.250000    0.250000   clock uncertainty
                                  0.000000    0.250000   clock reconvergence pessimism
                                 -5.000000   -4.750000   output external delay
                                             -4.750000   data required time
---------------------------------------------------------------------------------------------
                                             -4.750000   data required time
                                             -1.266282   data arrival time
---------------------------------------------------------------------------------------------
                                              6.016282   slack (MET)


Startpoint: _71_ (rising edge-triggered flip-flop clocked by clk_i)
Endpoint: count_o[3] (output port clocked by clk_i)
Path Group: clk_i
Path Type: min

Fanout         Cap        Slew       Delay        Time   Description
---------------------------------------------------------------------------------------------
                                  0.000000    0.000000   clock clk_i (rise edge)
                                  0.000000    0.000000   clock source latency
     9    0.037484    0.185585    0.092218    0.092218 ^ clk_i (in)
                                                         clk_i (net)
                      0.185585    0.000000    0.092218 ^ _71_/CLK (gf180mcu_fd_sc_mcu7t5v0__dffq_1)
     4    0.089334    0.883789    1.182488    1.274706 v _71_/Q (gf180mcu_fd_sc_mcu7t5v0__dffq_1)
                                                         count_o[3] (net)
                      0.883792    0.000910    1.275617 v count_o[3] (out)
                                              1.275617   data arrival time

                                  0.000000    0.000000   clock clk_i (rise edge)
                                  0.000000    0.000000   clock network delay (propagated)
                                  0.250000    0.250000   clock uncertainty
                                  0.000000    0.250000   clock reconvergence pessimism
                                 -5.000000   -4.750000   output external delay
                                             -4.750000   data required time
---------------------------------------------------------------------------------------------
                                             -4.750000   data required time
                                             -1.275617   data arrival time
---------------------------------------------------------------------------------------------
                                              6.025617   slack (MET)


Startpoint: _69_ (rising edge-triggered flip-flop clocked by clk_i)
Endpoint: count_o[1] (output port clocked by clk_i)
Path Group: clk_i
Path Type: min

Fanout         Cap        Slew       Delay        Time   Description
---------------------------------------------------------------------------------------------
                                  0.000000    0.000000   clock clk_i (rise edge)
                                  0.000000    0.000000   clock source latency
     9    0.037484    0.185585    0.092140    0.092140 ^ clk_i (in)
                                                         clk_i (net)
                      0.185585    0.000000    0.092140 ^ _69_/CLK (gf180mcu_fd_sc_mcu7t5v0__dffq_1)
     5    0.090629    0.896115    1.190199    1.282339 v _69_/Q (gf180mcu_fd_sc_mcu7t5v0__dffq_1)
                                                         count_o[1] (net)
                      0.896115    0.000754    1.283092 v count_o[1] (out)
                                              1.283092   data arrival time

                                  0.000000    0.000000   clock clk_i (rise edge)
                                  0.000000    0.000000   clock network delay (propagated)
                                  0.250000    0.250000   clock uncertainty
                                  0.000000    0.250000   clock reconvergence pessimism
                                 -5.000000   -4.750000   output external delay
                                             -4.750000   data required time
---------------------------------------------------------------------------------------------
                                             -4.750000   data required time
                                             -1.283092   data arrival time
---------------------------------------------------------------------------------------------
                                              6.033092   slack (MET)


Startpoint: _72_ (rising edge-triggered flip-flop clocked by clk_i)
Endpoint: count_o[4] (output port clocked by clk_i)
Path Group: clk_i
Path Type: min

Fanout         Cap        Slew       Delay        Time   Description
---------------------------------------------------------------------------------------------
                                  0.000000    0.000000   clock clk_i (rise edge)
                                  0.000000    0.000000   clock source latency
     9    0.037484    0.185585    0.092229    0.092229 ^ clk_i (in)
                                                         clk_i (net)
                      0.185585    0.000000    0.092229 ^ _72_/CLK (gf180mcu_fd_sc_mcu7t5v0__dffq_1)
     5    0.093029    0.919424    1.204109    1.296337 v _72_/Q (gf180mcu_fd_sc_mcu7t5v0__dffq_1)
                                                         count_o[4] (net)
                      0.919428    0.000999    1.297337 v count_o[4] (out)
                                              1.297337   data arrival time

                                  0.000000    0.000000   clock clk_i (rise edge)
                                  0.000000    0.000000   clock network delay (propagated)
                                  0.250000    0.250000   clock uncertainty
                                  0.000000    0.250000   clock reconvergence pessimism
                                 -5.000000   -4.750000   output external delay
                                             -4.750000   data required time
---------------------------------------------------------------------------------------------
                                             -4.750000   data required time
                                             -1.297337   data arrival time
---------------------------------------------------------------------------------------------
                                              6.047337   slack (MET)


Startpoint: _68_ (rising edge-triggered flip-flop clocked by clk_i)
Endpoint: count_o[0] (output port clocked by clk_i)
Path Group: clk_i
Path Type: min

Fanout         Cap        Slew       Delay        Time   Description
---------------------------------------------------------------------------------------------
                                  0.000000    0.000000   clock clk_i (rise edge)
                                  0.000000    0.000000   clock source latency
     9    0.037484    0.185585    0.092222    0.092222 ^ clk_i (in)
                                                         clk_i (net)
                      0.185585    0.000000    0.092222 ^ _68_/CLK (gf180mcu_fd_sc_mcu7t5v0__dffq_1)
     7    0.103158    1.016384    1.263889    1.356110 v _68_/Q (gf180mcu_fd_sc_mcu7t5v0__dffq_1)
                                                         count_o[0] (net)
                      1.016384    0.000909    1.357020 v count_o[0] (out)
                                              1.357020   data arrival time

                                  0.000000    0.000000   clock clk_i (rise edge)
                                  0.000000    0.000000   clock network delay (propagated)
                                  0.250000    0.250000   clock uncertainty
                                  0.000000    0.250000   clock reconvergence pessimism
                                 -5.000000   -4.750000   output external delay
                                             -4.750000   data required time
---------------------------------------------------------------------------------------------
                                             -4.750000   data required time
                                             -1.357020   data arrival time
---------------------------------------------------------------------------------------------
                                              6.107020   slack (MET)



